export const snapshot = {};

snapshot[`html should create header element correctly 1`] = `
'<header class="foo">
This is my content
</header>'
`;

snapshot[`html should create link element correctly 1`] = `'<link href="/foo/bar">'`;

snapshot[`buildHtmlDocument should create expected output 1`] = `
[
  "<!doctype html>",
  "<html >",
  '<meta charset="utf-8">',
  '<meta viewport="width=device-width, initial-scale=1.0">',
]
`;
